Archive member included to satisfy reference by file (symbol)

D:/PROGC/devkitPro/libgba/lib\libgba.a(interrupt.o)
                              template.o (irqInit)
D:/PROGC/devkitPro/libgba/lib\libgba.a(InterruptDispatcher.o)
                              D:/PROGC/devkitPro/libgba/lib\libgba.a(interrupt.o) (IntrMain)
d:/progc/devkitpro/devkitarm/bin/../lib/gcc/arm-none-eabi/10.2.0/thumb\libgcc.a(_divsi3.o)
                              template.o (__aeabi_idivmod)
d:/progc/devkitpro/devkitarm/bin/../lib/gcc/arm-none-eabi/10.2.0/thumb\libgcc.a(_dvmd_tls.o)
                              d:/progc/devkitpro/devkitarm/bin/../lib/gcc/arm-none-eabi/10.2.0/thumb\libgcc.a(_divsi3.o) (__aeabi_idiv0)
d:/progc/devkitpro/devkitarm/bin/../lib/gcc/arm-none-eabi/10.2.0/../../../../arm-none-eabi/lib/thumb\libg.a(lib_a-init.o)
                              d:/progc/devkitpro/devkitarm/bin/../lib/gcc/arm-none-eabi/10.2.0/../../../../arm-none-eabi/lib/thumb/gba_crt0.o (__libc_init_array)
d:/progc/devkitpro/devkitarm/bin/../lib/gcc/arm-none-eabi/10.2.0/../../../../arm-none-eabi/lib/thumb\libg.a(lib_a-memcpy-stub.o)
                              template.o (memcpy)
d:/progc/devkitpro/devkitarm/bin/../lib/gcc/arm-none-eabi/10.2.0/../../../../arm-none-eabi/lib/thumb\libg.a(lib_a-rand.o)
                              template.o (srand)
d:/progc/devkitpro/devkitarm/bin/../lib/gcc/arm-none-eabi/10.2.0/../../../../arm-none-eabi/lib/thumb\libg.a(lib_a-time.o)
                              template.o (time)
d:/progc/devkitpro/devkitarm/bin/../lib/gcc/arm-none-eabi/10.2.0/../../../../arm-none-eabi/lib/thumb\libsysbase.a(gettod.o)
                              d:/progc/devkitpro/devkitarm/bin/../lib/gcc/arm-none-eabi/10.2.0/../../../../arm-none-eabi/lib/thumb\libg.a(lib_a-time.o) (_gettimeofday_r)
d:/progc/devkitpro/devkitarm/bin/../lib/gcc/arm-none-eabi/10.2.0/../../../../arm-none-eabi/lib/thumb\libsysbase.a(malloc_vars.o)
                              d:/progc/devkitpro/devkitarm/bin/../lib/gcc/arm-none-eabi/10.2.0/../../../../arm-none-eabi/lib/thumb/gba_crt0.o (fake_heap_end)
d:/progc/devkitpro/devkitarm/bin/../lib/gcc/arm-none-eabi/10.2.0/../../../../arm-none-eabi/lib/thumb\libsysbase.a(syscall_support.o)
                              d:/progc/devkitpro/devkitarm/bin/../lib/gcc/arm-none-eabi/10.2.0/../../../../arm-none-eabi/lib/thumb\libsysbase.a(gettod.o) (__syscalls)
d:/progc/devkitpro/devkitarm/bin/../lib/gcc/arm-none-eabi/10.2.0/../../../../arm-none-eabi/lib/thumb\libsysbase.a(getreent.o)
                              d:/progc/devkitpro/devkitarm/bin/../lib/gcc/arm-none-eabi/10.2.0/../../../../arm-none-eabi/lib/thumb\libg.a(lib_a-rand.o) (__getreent)
d:/progc/devkitpro/devkitarm/bin/../lib/gcc/arm-none-eabi/10.2.0/thumb\libgcc.a(_muldi3.o)
                              d:/progc/devkitpro/devkitarm/bin/../lib/gcc/arm-none-eabi/10.2.0/../../../../arm-none-eabi/lib/thumb\libg.a(lib_a-rand.o) (__aeabi_lmul)
d:/progc/devkitpro/devkitarm/bin/../lib/gcc/arm-none-eabi/10.2.0/../../../../arm-none-eabi/lib/thumb\libg.a(lib_a-impure.o)
                              d:/progc/devkitpro/devkitarm/bin/../lib/gcc/arm-none-eabi/10.2.0/../../../../arm-none-eabi/lib/thumb\libsysbase.a(getreent.o) (_impure_ptr)

Allocating common symbols
Common symbol       size              file

IntrTable           0x78              D:/PROGC/devkitPro/libgba/lib\libgba.a(interrupt.o)

Discarded input sections

 .text          0x0000000000000000        0x0 d:/progc/devkitpro/devkitarm/bin/../lib/gcc/arm-none-eabi/10.2.0/../../../../arm-none-eabi/lib/thumb/gba_crt0.o
 .data          0x0000000000000000        0x0 d:/progc/devkitpro/devkitarm/bin/../lib/gcc/arm-none-eabi/10.2.0/../../../../arm-none-eabi/lib/thumb/gba_crt0.o
 .bss           0x0000000000000000        0x0 d:/progc/devkitpro/devkitarm/bin/../lib/gcc/arm-none-eabi/10.2.0/../../../../arm-none-eabi/lib/thumb/gba_crt0.o
 .text          0x0000000000000000        0x0 d:/progc/devkitpro/devkitarm/bin/../lib/gcc/arm-none-eabi/10.2.0/thumb/crti.o
 .data          0x0000000000000000        0x0 d:/progc/devkitpro/devkitarm/bin/../lib/gcc/arm-none-eabi/10.2.0/thumb/crti.o
 .bss           0x0000000000000000        0x0 d:/progc/devkitpro/devkitarm/bin/../lib/gcc/arm-none-eabi/10.2.0/thumb/crti.o
 .text          0x0000000000000000        0x0 d:/progc/devkitpro/devkitarm/bin/../lib/gcc/arm-none-eabi/10.2.0/thumb/crtbegin.o
 .data          0x0000000000000000        0x0 d:/progc/devkitpro/devkitarm/bin/../lib/gcc/arm-none-eabi/10.2.0/thumb/crtbegin.o
 .bss           0x0000000000000000        0x0 d:/progc/devkitpro/devkitarm/bin/../lib/gcc/arm-none-eabi/10.2.0/thumb/crtbegin.o
 .data.__dso_handle
                0x0000000000000000        0x4 d:/progc/devkitpro/devkitarm/bin/../lib/gcc/arm-none-eabi/10.2.0/thumb/crtbegin.o
 .text          0x0000000000000000        0x0 chardata.o
 .data          0x0000000000000000        0x0 chardata.o
 .bss           0x0000000000000000        0x0 chardata.o
 .text          0x0000000000000000        0x0 chardata2.o
 .data          0x0000000000000000        0x0 chardata2.o
 .bss           0x0000000000000000        0x0 chardata2.o
 .text          0x0000000000000000        0x0 template.o
 .data          0x0000000000000000        0x0 template.o
 .bss           0x0000000000000000        0x0 template.o
 .data          0x0000000000000000        0x0 myasym.o
 .bss           0x0000000000000000        0x0 myasym.o
 .data          0x0000000000000000        0x0 D:/PROGC/devkitPro/libgba/lib\libgba.a(interrupt.o)
 .bss           0x0000000000000000        0x0 D:/PROGC/devkitPro/libgba/lib\libgba.a(interrupt.o)
 .text          0x0000000000000000        0x0 D:/PROGC/devkitPro/libgba/lib\libgba.a(InterruptDispatcher.o)
 .data          0x0000000000000000        0x0 D:/PROGC/devkitPro/libgba/lib\libgba.a(InterruptDispatcher.o)
 .bss           0x0000000000000000        0x0 D:/PROGC/devkitPro/libgba/lib\libgba.a(InterruptDispatcher.o)
 .data          0x0000000000000000        0x0 d:/progc/devkitpro/devkitarm/bin/../lib/gcc/arm-none-eabi/10.2.0/thumb\libgcc.a(_divsi3.o)
 .bss           0x0000000000000000        0x0 d:/progc/devkitpro/devkitarm/bin/../lib/gcc/arm-none-eabi/10.2.0/thumb\libgcc.a(_divsi3.o)
 .data          0x0000000000000000        0x0 d:/progc/devkitpro/devkitarm/bin/../lib/gcc/arm-none-eabi/10.2.0/thumb\libgcc.a(_dvmd_tls.o)
 .bss           0x0000000000000000        0x0 d:/progc/devkitpro/devkitarm/bin/../lib/gcc/arm-none-eabi/10.2.0/thumb\libgcc.a(_dvmd_tls.o)
 .text          0x0000000000000000        0x0 d:/progc/devkitpro/devkitarm/bin/../lib/gcc/arm-none-eabi/10.2.0/../../../../arm-none-eabi/lib/thumb\libg.a(lib_a-init.o)
 .data          0x0000000000000000        0x0 d:/progc/devkitpro/devkitarm/bin/../lib/gcc/arm-none-eabi/10.2.0/../../../../arm-none-eabi/lib/thumb\libg.a(lib_a-init.o)
 .bss           0x0000000000000000        0x0 d:/progc/devkitpro/devkitarm/bin/../lib/gcc/arm-none-eabi/10.2.0/../../../../arm-none-eabi/lib/thumb\libg.a(lib_a-init.o)
 .text          0x0000000000000000        0x0 d:/progc/devkitpro/devkitarm/bin/../lib/gcc/arm-none-eabi/10.2.0/../../../../arm-none-eabi/lib/thumb\libg.a(lib_a-memcpy-stub.o)
 .data          0x0000000000000000        0x0 d:/progc/devkitpro/devkitarm/bin/../lib/gcc/arm-none-eabi/10.2.0/../../../../arm-none-eabi/lib/thumb\libg.a(lib_a-memcpy-stub.o)
 .bss           0x0000000000000000        0x0 d:/progc/devkitpro/devkitarm/bin/../lib/gcc/arm-none-eabi/10.2.0/../../../../arm-none-eabi/lib/thumb\libg.a(lib_a-memcpy-stub.o)
 .text          0x0000000000000000        0x0 d:/progc/devkitpro/devkitarm/bin/../lib/gcc/arm-none-eabi/10.2.0/../../../../arm-none-eabi/lib/thumb\libg.a(lib_a-rand.o)
 .data          0x0000000000000000        0x0 d:/progc/devkitpro/devkitarm/bin/../lib/gcc/arm-none-eabi/10.2.0/../../../../arm-none-eabi/lib/thumb\libg.a(lib_a-rand.o)
 .bss           0x0000000000000000        0x0 d:/progc/devkitpro/devkitarm/bin/../lib/gcc/arm-none-eabi/10.2.0/../../../../arm-none-eabi/lib/thumb\libg.a(lib_a-rand.o)
 .text          0x0000000000000000        0x0 d:/progc/devkitpro/devkitarm/bin/../lib/gcc/arm-none-eabi/10.2.0/../../../../arm-none-eabi/lib/thumb\libg.a(lib_a-time.o)
 .data          0x0000000000000000        0x0 d:/progc/devkitpro/devkitarm/bin/../lib/gcc/arm-none-eabi/10.2.0/../../../../arm-none-eabi/lib/thumb\libg.a(lib_a-time.o)
 .bss           0x0000000000000000        0x0 d:/progc/devkitpro/devkitarm/bin/../lib/gcc/arm-none-eabi/10.2.0/../../../../arm-none-eabi/lib/thumb\libg.a(lib_a-time.o)
 .text          0x0000000000000000        0x0 d:/progc/devkitpro/devkitarm/bin/../lib/gcc/arm-none-eabi/10.2.0/../../../../arm-none-eabi/lib/thumb\libsysbase.a(gettod.o)
 .data          0x0000000000000000        0x0 d:/progc/devkitpro/devkitarm/bin/../lib/gcc/arm-none-eabi/10.2.0/../../../../arm-none-eabi/lib/thumb\libsysbase.a(gettod.o)
 .bss           0x0000000000000000        0x0 d:/progc/devkitpro/devkitarm/bin/../lib/gcc/arm-none-eabi/10.2.0/../../../../arm-none-eabi/lib/thumb\libsysbase.a(gettod.o)
 .text          0x0000000000000000        0x0 d:/progc/devkitpro/devkitarm/bin/../lib/gcc/arm-none-eabi/10.2.0/../../../../arm-none-eabi/lib/thumb\libsysbase.a(malloc_vars.o)
 .data          0x0000000000000000        0x0 d:/progc/devkitpro/devkitarm/bin/../lib/gcc/arm-none-eabi/10.2.0/../../../../arm-none-eabi/lib/thumb\libsysbase.a(malloc_vars.o)
 .bss           0x0000000000000000        0x0 d:/progc/devkitpro/devkitarm/bin/../lib/gcc/arm-none-eabi/10.2.0/../../../../arm-none-eabi/lib/thumb\libsysbase.a(malloc_vars.o)
 .bss.fake_heap_start
                0x0000000000000000        0x4 d:/progc/devkitpro/devkitarm/bin/../lib/gcc/arm-none-eabi/10.2.0/../../../../arm-none-eabi/lib/thumb\libsysbase.a(malloc_vars.o)
 .text          0x0000000000000000        0x0 d:/progc/devkitpro/devkitarm/bin/../lib/gcc/arm-none-eabi/10.2.0/../../../../arm-none-eabi/lib/thumb\libsysbase.a(syscall_support.o)
 .data          0x0000000000000000        0x0 d:/progc/devkitpro/devkitarm/bin/../lib/gcc/arm-none-eabi/10.2.0/../../../../arm-none-eabi/lib/thumb\libsysbase.a(syscall_support.o)
 .bss           0x0000000000000000        0x0 d:/progc/devkitpro/devkitarm/bin/../lib/gcc/arm-none-eabi/10.2.0/../../../../arm-none-eabi/lib/thumb\libsysbase.a(syscall_support.o)
 .text.__libc_lock_init
                0x0000000000000000       0x1c d:/progc/devkitpro/devkitarm/bin/../lib/gcc/arm-none-eabi/10.2.0/../../../../arm-none-eabi/lib/thumb\libsysbase.a(syscall_support.o)
 .text.__libc_lock_acquire
                0x0000000000000000       0x1c d:/progc/devkitpro/devkitarm/bin/../lib/gcc/arm-none-eabi/10.2.0/../../../../arm-none-eabi/lib/thumb\libsysbase.a(syscall_support.o)
 .text.__libc_lock_try_acquire
                0x0000000000000000       0x24 d:/progc/devkitpro/devkitarm/bin/../lib/gcc/arm-none-eabi/10.2.0/../../../../arm-none-eabi/lib/thumb\libsysbase.a(syscall_support.o)
 .text.__libc_lock_release
                0x0000000000000000       0x1c d:/progc/devkitpro/devkitarm/bin/../lib/gcc/arm-none-eabi/10.2.0/../../../../arm-none-eabi/lib/thumb\libsysbase.a(syscall_support.o)
 .text.__libc_lock_close
                0x0000000000000000       0x1c d:/progc/devkitpro/devkitarm/bin/../lib/gcc/arm-none-eabi/10.2.0/../../../../arm-none-eabi/lib/thumb\libsysbase.a(syscall_support.o)
 .text.__libc_lock_init_recursive
                0x0000000000000000       0x1c d:/progc/devkitpro/devkitarm/bin/../lib/gcc/arm-none-eabi/10.2.0/../../../../arm-none-eabi/lib/thumb\libsysbase.a(syscall_support.o)
 .text.__libc_lock_acquire_recursive
                0x0000000000000000       0x1c d:/progc/devkitpro/devkitarm/bin/../lib/gcc/arm-none-eabi/10.2.0/../../../../arm-none-eabi/lib/thumb\libsysbase.a(syscall_support.o)
 .text.__libc_lock_try_acquire_recursive
                0x0000000000000000       0x24 d:/progc/devkitpro/devkitarm/bin/../lib/gcc/arm-none-eabi/10.2.0/../../../../arm-none-eabi/lib/thumb\libsysbase.a(syscall_support.o)
 .text.__libc_lock_release_recursive
                0x0000000000000000       0x1c d:/progc/devkitpro/devkitarm/bin/../lib/gcc/arm-none-eabi/10.2.0/../../../../arm-none-eabi/lib/thumb\libsysbase.a(syscall_support.o)
 .text.__libc_lock_close_recursive
                0x0000000000000000       0x1c d:/progc/devkitpro/devkitarm/bin/../lib/gcc/arm-none-eabi/10.2.0/../../../../arm-none-eabi/lib/thumb\libsysbase.a(syscall_support.o)
 .text          0x0000000000000000        0x0 d:/progc/devkitpro/devkitarm/bin/../lib/gcc/arm-none-eabi/10.2.0/../../../../arm-none-eabi/lib/thumb\libsysbase.a(getreent.o)
 .data          0x0000000000000000        0x0 d:/progc/devkitpro/devkitarm/bin/../lib/gcc/arm-none-eabi/10.2.0/../../../../arm-none-eabi/lib/thumb\libsysbase.a(getreent.o)
 .bss           0x0000000000000000        0x0 d:/progc/devkitpro/devkitarm/bin/../lib/gcc/arm-none-eabi/10.2.0/../../../../arm-none-eabi/lib/thumb\libsysbase.a(getreent.o)
 .text          0x0000000000000000        0x0 d:/progc/devkitpro/devkitarm/bin/../lib/gcc/arm-none-eabi/10.2.0/thumb\libgcc.a(_muldi3.o)
 .data          0x0000000000000000        0x0 d:/progc/devkitpro/devkitarm/bin/../lib/gcc/arm-none-eabi/10.2.0/thumb\libgcc.a(_muldi3.o)
 .bss           0x0000000000000000        0x0 d:/progc/devkitpro/devkitarm/bin/../lib/gcc/arm-none-eabi/10.2.0/thumb\libgcc.a(_muldi3.o)
 .text          0x0000000000000000        0x0 d:/progc/devkitpro/devkitarm/bin/../lib/gcc/arm-none-eabi/10.2.0/../../../../arm-none-eabi/lib/thumb\libg.a(lib_a-impure.o)
 .data          0x0000000000000000        0x0 d:/progc/devkitpro/devkitarm/bin/../lib/gcc/arm-none-eabi/10.2.0/../../../../arm-none-eabi/lib/thumb\libg.a(lib_a-impure.o)
 .bss           0x0000000000000000        0x0 d:/progc/devkitpro/devkitarm/bin/../lib/gcc/arm-none-eabi/10.2.0/../../../../arm-none-eabi/lib/thumb\libg.a(lib_a-impure.o)
 .rodata._global_impure_ptr
                0x0000000000000000        0x4 d:/progc/devkitpro/devkitarm/bin/../lib/gcc/arm-none-eabi/10.2.0/../../../../arm-none-eabi/lib/thumb\libg.a(lib_a-impure.o)
 .text          0x0000000000000000        0x0 d:/progc/devkitpro/devkitarm/bin/../lib/gcc/arm-none-eabi/10.2.0/thumb/crtend.o
 .data          0x0000000000000000        0x0 d:/progc/devkitpro/devkitarm/bin/../lib/gcc/arm-none-eabi/10.2.0/thumb/crtend.o
 .bss           0x0000000000000000        0x0 d:/progc/devkitpro/devkitarm/bin/../lib/gcc/arm-none-eabi/10.2.0/thumb/crtend.o
 .text          0x0000000000000000        0x0 d:/progc/devkitpro/devkitarm/bin/../lib/gcc/arm-none-eabi/10.2.0/thumb/crtn.o
 .data          0x0000000000000000        0x0 d:/progc/devkitpro/devkitarm/bin/../lib/gcc/arm-none-eabi/10.2.0/thumb/crtn.o
 .bss           0x0000000000000000        0x0 d:/progc/devkitpro/devkitarm/bin/../lib/gcc/arm-none-eabi/10.2.0/thumb/crtn.o

Memory Configuration

Name             Origin             Length             Attributes
rom              0x0000000008000000 0x0000000002000000
iwram            0x0000000003000000 0x0000000000008000
ewram            0x0000000002000000 0x0000000000040000
*default*        0x0000000000000000 0xffffffffffffffff

Linker script and memory map

                0x0000000008000000                __text_start = ORIGIN (rom)
                0x0000000002040000                __eheap_end = (ORIGIN (ewram) + LENGTH (ewram))
                0x0000000003000000                __iwram_start = ORIGIN (iwram)
                0x0000000003008000                __iwram_top = (ORIGIN (iwram) + LENGTH (iwram))
                0x0000000003007fa0                __sp_irq = (__iwram_top - 0x60)
                0x0000000003007f00                __sp_usr = (__sp_irq - 0xa0)
                0x0000000003007ff8                __irq_flags = 0x3007ff8
                0x0000000008000000                . = __text_start

.crt0           0x0000000008000000      0x210
 *(.crt0)
 .crt0          0x0000000008000000      0x210 d:/progc/devkitpro/devkitarm/bin/../lib/gcc/arm-none-eabi/10.2.0/../../../../arm-none-eabi/lib/thumb/gba_crt0.o
                0x0000000008000000                _start
                0x00000000080000c4                __boot_method
                0x00000000080000c5                __slave_number
                0x00000000080000e0                start_vector
                0x0000000008000210                . = ALIGN (0x4)

.init           0x0000000008000210        0xc
 *(SORT_NONE(.init))
 .init          0x0000000008000210        0x4 d:/progc/devkitpro/devkitarm/bin/../lib/gcc/arm-none-eabi/10.2.0/thumb/crti.o
                0x0000000008000210                _init
 .init          0x0000000008000214        0x8 d:/progc/devkitpro/devkitarm/bin/../lib/gcc/arm-none-eabi/10.2.0/thumb/crtn.o

.plt            0x000000000800021c        0x0
 *(.plt)
                0x000000000800021c                . = ALIGN (0x4)

.text           0x0000000008000220     0x1140
 *(EXCLUDE_FILE(*.iwram*) .text*)
 .text.__do_global_dtors_aux
                0x0000000008000220       0x2c d:/progc/devkitpro/devkitarm/bin/../lib/gcc/arm-none-eabi/10.2.0/thumb/crtbegin.o
 .text.frame_dummy
                0x000000000800024c       0x24 d:/progc/devkitpro/devkitarm/bin/../lib/gcc/arm-none-eabi/10.2.0/thumb/crtbegin.o
 .text.startup  0x0000000008000270      0x9a0 template.o
                0x0000000008000270                main
 .text          0x0000000008000c10       0x10 myasym.o
                0x0000000008000c10                someFunction
 .text          0x0000000008000c20      0x3b8 D:/PROGC/devkitPro/libgba/lib\libgba.a(interrupt.o)
                0x0000000008000c20                dummy
                0x0000000008000c24                InitInterrupt
                0x0000000008000c80                irqInit
                0x0000000008000cdc                SetInterrupt
                0x0000000008000dc0                irqSet
                0x0000000008000ea4                EnableInterrupt
                0x0000000008000ef0                irqEnable
                0x0000000008000f40                DisableInterrupt
                0x0000000008000f8c                irqDisable
 .text          0x0000000008000fd8      0x150 d:/progc/devkitpro/devkitarm/bin/../lib/gcc/arm-none-eabi/10.2.0/thumb\libgcc.a(_divsi3.o)
                0x0000000008000fd8                __divsi3
                0x0000000008000fd8                __aeabi_idiv
                0x0000000008001108                __aeabi_idivmod
 .text          0x0000000008001128        0x4 d:/progc/devkitpro/devkitarm/bin/../lib/gcc/arm-none-eabi/10.2.0/thumb\libgcc.a(_dvmd_tls.o)
                0x0000000008001128                __aeabi_idiv0
                0x0000000008001128                __aeabi_ldiv0
 .text.__libc_init_array
                0x000000000800112c       0x50 d:/progc/devkitpro/devkitarm/bin/../lib/gcc/arm-none-eabi/10.2.0/../../../../arm-none-eabi/lib/thumb\libg.a(lib_a-init.o)
                0x000000000800112c                __libc_init_array
 .text.memcpy   0x000000000800117c       0xa8 d:/progc/devkitpro/devkitarm/bin/../lib/gcc/arm-none-eabi/10.2.0/../../../../arm-none-eabi/lib/thumb\libg.a(lib_a-memcpy-stub.o)
                0x000000000800117c                memcpy
 .text.srand    0x0000000008001224       0x18 d:/progc/devkitpro/devkitarm/bin/../lib/gcc/arm-none-eabi/10.2.0/../../../../arm-none-eabi/lib/thumb\libg.a(lib_a-rand.o)
                0x0000000008001224                srand
 .text.rand     0x000000000800123c       0x34 d:/progc/devkitpro/devkitarm/bin/../lib/gcc/arm-none-eabi/10.2.0/../../../../arm-none-eabi/lib/thumb\libg.a(lib_a-rand.o)
                0x000000000800123c                rand
 .text.time     0x0000000008001270       0x34 d:/progc/devkitpro/devkitarm/bin/../lib/gcc/arm-none-eabi/10.2.0/../../../../arm-none-eabi/lib/thumb\libg.a(lib_a-time.o)
                0x0000000008001270                time
 .text._gettimeofday_r
                0x00000000080012a4       0x28 d:/progc/devkitpro/devkitarm/bin/../lib/gcc/arm-none-eabi/10.2.0/../../../../arm-none-eabi/lib/thumb\libsysbase.a(gettod.o)
                0x00000000080012a4                _gettimeofday_r
 .text.__getreent
                0x00000000080012cc       0x28 d:/progc/devkitpro/devkitarm/bin/../lib/gcc/arm-none-eabi/10.2.0/../../../../arm-none-eabi/lib/thumb\libsysbase.a(getreent.o)
                0x00000000080012cc                __getreent
 .text.__muldi3
                0x00000000080012f4       0x54 d:/progc/devkitpro/devkitarm/bin/../lib/gcc/arm-none-eabi/10.2.0/thumb\libgcc.a(_muldi3.o)
                0x00000000080012f4                __muldi3
                0x00000000080012f4                __aeabi_lmul
 .text.__muldi3.__stub
                0x0000000008001348       0x14 linker stubs
 *(.gnu.linkonce.t.*)
 *(.text.*personality*)
 *(.gnu.warning)
 *(.glue_7t)
 .glue_7t       0x0000000008001360        0x0 linker stubs
 *(.glue_7)
 .glue_7        0x0000000008001360        0x0 linker stubs
 *(.vfp11_veneer)
 .vfp11_veneer  0x0000000008001360        0x0 linker stubs
                0x0000000008001360                . = ALIGN (0x4)
                0x0000000008001360                __text_end = .

.v4_bx          0x0000000008001360        0x0
 .v4_bx         0x0000000008001360        0x0 linker stubs

.iplt           0x0000000008001360        0x0
 .iplt          0x0000000008001360        0x0 d:/progc/devkitpro/devkitarm/bin/../lib/gcc/arm-none-eabi/10.2.0/../../../../arm-none-eabi/lib/thumb/gba_crt0.o

.fini           0x0000000008001360        0xc
 *(.fini)
 .fini          0x0000000008001360        0x4 d:/progc/devkitpro/devkitarm/bin/../lib/gcc/arm-none-eabi/10.2.0/thumb/crti.o
                0x0000000008001360                _fini
 .fini          0x0000000008001364        0x8 d:/progc/devkitpro/devkitarm/bin/../lib/gcc/arm-none-eabi/10.2.0/thumb/crtn.o
                0x000000000800136c                . = ALIGN (0x4)

.rodata         0x000000000800136c     0x4000
 *(.rodata)
 .rodata        0x000000000800136c     0x2000 chardata.o
                0x000000000800136c                charData
 .rodata        0x000000000800336c     0x2000 chardata2.o
                0x000000000800336c                charData2
 *all.rodata*(*)
 *(.roda)
 *(.rodata.*)
 *(.gnu.linkonce.r*)
                0x000000000800536c                . = ALIGN (0x4)

.ARM.extab
 *(.ARM.extab* .gnu.linkonce.armextab.*)
                0x000000000800536c                __exidx_start = .

.ARM.exidx
 *(.ARM.exidx* .gnu.linkonce.armexidx.*)
                0x000000000800536c                __exidx_end = .

.ctors          0x000000000800536c        0x0
 *crtbegin.o(.ctors)
 *(EXCLUDE_FILE(*crtend.o) .ctors)
 *(SORT_BY_NAME(.ctors.*))
 *(.ctors)
                0x000000000800536c                . = ALIGN (0x4)

.dtors          0x000000000800536c        0x0
 *crtbegin.o(.dtors)
 *(EXCLUDE_FILE(*crtend.o) .dtors)
 *(SORT_BY_NAME(.dtors.*))
 *(.dtors)
                0x000000000800536c                . = ALIGN (0x4)

.eh_frame       0x000000000800536c        0x4
 *(.eh_frame)
 .eh_frame      0x000000000800536c        0x0 d:/progc/devkitpro/devkitarm/bin/../lib/gcc/arm-none-eabi/10.2.0/thumb/crtbegin.o
 .eh_frame      0x000000000800536c        0x4 d:/progc/devkitpro/devkitarm/bin/../lib/gcc/arm-none-eabi/10.2.0/thumb/crtend.o
                0x0000000008005370                . = ALIGN (0x4)

.gcc_except_table
                0x0000000008005370        0x0
 *(.gcc_except_table)
                0x0000000008005370                . = ALIGN (0x4)
                0x0000000008005370                __iwram_lma = .

.iwram          0x0000000003000000       0xb8 load address 0x0000000008005370
                0x0000000003000000                __iwram_start__ = ABSOLUTE (.)
 *(.iwram .iwram*)
 .iwram         0x0000000003000000       0xb8 D:/PROGC/devkitPro/libgba/lib\libgba.a(InterruptDispatcher.o)
                0x0000000003000000                IntrMain
 *iwram.*(.text* .data*)
                0x00000000030000b8                . = ALIGN (0x4)
                0x00000000030000b8                __iwram_end__ = ABSOLUTE (.)
                0x0000000008005428                __data_lma = (__iwram_lma + SIZEOF (.iwram))

.rel.dyn        0x00000000030000b8        0x0 load address 0x0000000008005428
 .rel.iplt      0x00000000030000b8        0x0 d:/progc/devkitpro/devkitarm/bin/../lib/gcc/arm-none-eabi/10.2.0/../../../../arm-none-eabi/lib/thumb/gba_crt0.o

.bss            0x00000000030000b8       0xe0
                0x00000000030000b8                __bss_start = ABSOLUTE (.)
                0x00000000030000b8                __bss_start__ = ABSOLUTE (.)
 *(.dynbss)
 *(.gnu.linkonce.b*)
 *(.bss*)
 .bss.completed.1
                0x00000000030000b8        0x1 d:/progc/devkitpro/devkitarm/bin/../lib/gcc/arm-none-eabi/10.2.0/thumb/crtbegin.o
 *fill*         0x00000000030000b9        0x3 
 .bss.object.0  0x00000000030000bc       0x18 d:/progc/devkitpro/devkitarm/bin/../lib/gcc/arm-none-eabi/10.2.0/thumb/crtbegin.o
 .bss.fake_heap_end
                0x00000000030000d4        0x4 d:/progc/devkitpro/devkitarm/bin/../lib/gcc/arm-none-eabi/10.2.0/../../../../arm-none-eabi/lib/thumb\libsysbase.a(malloc_vars.o)
                0x00000000030000d4                fake_heap_end
 .bss.__syscalls
                0x00000000030000d8       0x48 d:/progc/devkitpro/devkitarm/bin/../lib/gcc/arm-none-eabi/10.2.0/../../../../arm-none-eabi/lib/thumb\libsysbase.a(syscall_support.o)
                0x00000000030000d8                __syscalls
 *(COMMON)
 COMMON         0x0000000003000120       0x78 D:/PROGC/devkitPro/libgba/lib\libgba.a(interrupt.o)
                0x0000000003000120                IntrTable
                0x0000000003000198                . = ALIGN (0x4)
                0x0000000003000198                __bss_end__ = ABSOLUTE (.)

.data           0x0000000003000198      0x468 load address 0x0000000008005428
                0x0000000003000198                __data_start__ = ABSOLUTE (.)
 *(.data*)
 .data._impure_ptr
                0x0000000003000198        0x4 d:/progc/devkitpro/devkitarm/bin/../lib/gcc/arm-none-eabi/10.2.0/../../../../arm-none-eabi/lib/thumb\libg.a(lib_a-impure.o)
                0x0000000003000198                _impure_ptr
 *fill*         0x000000000300019c        0x4 ff
 .data.impure_data
                0x00000000030001a0      0x460 d:/progc/devkitpro/devkitarm/bin/../lib/gcc/arm-none-eabi/10.2.0/../../../../arm-none-eabi/lib/thumb\libg.a(lib_a-impure.o)
 *(.gnu.linkonce.d*)
                0x0000000003000600                . = ALIGN (0x4)
                0x0000000008005890                __preinit_lma = (__data_lma + SIZEOF (.data))

.igot.plt       0x0000000003000600        0x0 load address 0x0000000008005890
 .igot.plt      0x0000000003000600        0x0 d:/progc/devkitpro/devkitarm/bin/../lib/gcc/arm-none-eabi/10.2.0/../../../../arm-none-eabi/lib/thumb/gba_crt0.o

.preinit_array  0x0000000003000600        0x0 load address 0x0000000008005890
                0x0000000003000600                __preinit_array_start = ABSOLUTE (.)
 *(.preinit_array)
                0x0000000003000600                __preinit_array_end = ABSOLUTE (.)
                0x0000000008005890                __init_lma = (__preinit_lma + SIZEOF (.preinit_array))

.init_array     0x0000000003000600        0x4 load address 0x0000000008005890
                0x0000000003000600                __init_array_start = ABSOLUTE (.)
 *(SORT_BY_NAME(.init_array.*))
 *(.init_array)
 .init_array    0x0000000003000600        0x4 d:/progc/devkitpro/devkitarm/bin/../lib/gcc/arm-none-eabi/10.2.0/thumb/crtbegin.o
                0x0000000003000604                __init_array_end = ABSOLUTE (.)
                0x0000000008005894                __fini_lma = (__init_lma + SIZEOF (.init_array))

.fini_array     0x0000000003000604        0x4 load address 0x0000000008005894
                0x0000000003000604                __fini_array_start = ABSOLUTE (.)
 *(SORT_BY_NAME(.fini_array.*))
 *(.fini_array)
 .fini_array    0x0000000003000604        0x4 d:/progc/devkitpro/devkitarm/bin/../lib/gcc/arm-none-eabi/10.2.0/thumb/crtbegin.o
                0x0000000003000608                __fini_array_end = ABSOLUTE (.)
                0x0000000008005898                __jcr_lma = (__fini_lma + SIZEOF (.fini_array))

.jcr            0x0000000003000608        0x0 load address 0x0000000008005898
 *(.jcr)
                0x0000000003000608                __data_end__ = ABSOLUTE (.)
                0x0000000008005898                __iwram_overlay_lma = (__jcr_lma + SIZEOF (.jcr))
                0x0000000003000608                __iwram_overlay_start = .

.iwram0         0x0000000003000608        0x0 load address 0x0000000008005898
 *(.iwram0)
                0x0000000003000608                . = ALIGN (0x4)
                0x0000000008005898                PROVIDE (__load_start_iwram0 = LOADADDR (.iwram0))
                0x0000000008005898                PROVIDE (__load_stop_iwram0 = (LOADADDR (.iwram0) + SIZEOF (.iwram0)))

.iwram1         0x0000000003000608        0x0
 *(.iwram1)
                0x0000000003000608                . = ALIGN (0x4)
                [!provide]                        PROVIDE (__load_start_iwram1 = LOADADDR (.iwram1))
                [!provide]                        PROVIDE (__load_stop_iwram1 = (LOADADDR (.iwram1) + SIZEOF (.iwram1)))

.iwram2         0x0000000003000608        0x0
 *(.iwram2)
                0x0000000003000608                . = ALIGN (0x4)
                [!provide]                        PROVIDE (__load_start_iwram2 = LOADADDR (.iwram2))
                [!provide]                        PROVIDE (__load_stop_iwram2 = (LOADADDR (.iwram2) + SIZEOF (.iwram2)))

.iwram3         0x0000000003000608        0x0
 *(.iwram3)
                0x0000000003000608                . = ALIGN (0x4)
                [!provide]                        PROVIDE (__load_start_iwram3 = LOADADDR (.iwram3))
                [!provide]                        PROVIDE (__load_stop_iwram3 = (LOADADDR (.iwram3) + SIZEOF (.iwram3)))

.iwram4         0x0000000003000608        0x0
 *(.iwram4)
                0x0000000003000608                . = ALIGN (0x4)
                [!provide]                        PROVIDE (__load_start_iwram4 = LOADADDR (.iwram4))
                [!provide]                        PROVIDE (__load_stop_iwram4 = (LOADADDR (.iwram4) + SIZEOF (.iwram4)))

.iwram5         0x0000000003000608        0x0
 *(.iwram5)
                0x0000000003000608                . = ALIGN (0x4)
                [!provide]                        PROVIDE (__load_start_iwram5 = LOADADDR (.iwram5))
                [!provide]                        PROVIDE (__load_stop_iwram5 = (LOADADDR (.iwram5) + SIZEOF (.iwram5)))

.iwram6         0x0000000003000608        0x0
 *(.iwram6)
                0x0000000003000608                . = ALIGN (0x4)
                [!provide]                        PROVIDE (__load_start_iwram6 = LOADADDR (.iwram6))
                [!provide]                        PROVIDE (__load_stop_iwram6 = (LOADADDR (.iwram6) + SIZEOF (.iwram6)))

.iwram7         0x0000000003000608        0x0
 *(.iwram7)
                0x0000000003000608                . = ALIGN (0x4)
                [!provide]                        PROVIDE (__load_start_iwram7 = LOADADDR (.iwram7))
                [!provide]                        PROVIDE (__load_stop_iwram7 = (LOADADDR (.iwram7) + SIZEOF (.iwram7)))

.iwram8         0x0000000003000608        0x0
 *(.iwram8)
                0x0000000003000608                . = ALIGN (0x4)
                [!provide]                        PROVIDE (__load_start_iwram8 = LOADADDR (.iwram8))
                [!provide]                        PROVIDE (__load_stop_iwram8 = (LOADADDR (.iwram8) + SIZEOF (.iwram8)))

.iwram9         0x0000000003000608        0x0
 *(.iwram9)
                0x0000000003000608                . = ALIGN (0x4)
                [!provide]                        PROVIDE (__load_start_iwram9 = LOADADDR (.iwram9))
                [!provide]                        PROVIDE (__load_stop_iwram9 = (LOADADDR (.iwram9) + SIZEOF (.iwram9)))
                0x0000000003000608                __iwram_overlay_end = .
                0x0000000008005898                __ewram_lma = (__iwram_overlay_lma + (__iwram_overlay_end - __iwram_overlay_start))
                0x0000000003000608                __iheap_start = .
                0x0000000002000000                __ewram_start = ORIGIN (ewram)

.ewram          0x0000000002000000        0x0 load address 0x0000000008005898
 *(.ewram*)
                0x0000000002000000                . = ALIGN (0x4)
                0x0000000002000000                __ewram_end = ABSOLUTE (.)
                0x0000000008005898                __pad_lma = (__ewram_lma + SIZEOF (.ewram))

.sbss           0x0000000002000000        0x0
                0x0000000002000000                __sbss_start__ = ABSOLUTE (.)
 *(.sbss*)
                0x0000000002000000                . = ALIGN (0x4)
                0x0000000002000000                __sbss_end__ = ABSOLUTE (.)
                0x0000000002000000                __end__ = ABSOLUTE (.)
                0x0000000002000000                __eheap_start = ABSOLUTE (.)

.pad            0x0000000002000000        0x8 load address 0x0000000008005898
                0x0000000002000000        0x4 LONG 0x52416b64
                0x0000000002000004        0x4 LONG 0x4d
                0x0000000002000008                . = ALIGN (0x4)
                0x00000000080058a0                __rom_end__ = (__pad_lma + SIZEOF (.pad))

.stab
 *(.stab)

.stabstr
 *(.stabstr)

.stab.excl
 *(.stab.excl)

.stab.exclstr
 *(.stab.exclstr)

.stab.index
 *(.stab.index)

.stab.indexstr
 *(.stab.indexstr)

.comment        0x0000000000000000       0x45
 *(.comment)
 .comment       0x0000000000000000       0x23 d:/progc/devkitpro/devkitarm/bin/../lib/gcc/arm-none-eabi/10.2.0/thumb/crtbegin.o
                                         0x24 (size before relaxing)
 .comment       0x0000000000000023       0x24 chardata.o
 .comment       0x0000000000000023       0x24 chardata2.o
 .comment       0x0000000000000023       0x24 template.o
 .comment       0x0000000000000023       0x22 D:/PROGC/devkitPro/libgba/lib\libgba.a(interrupt.o)
                                         0x23 (size before relaxing)
 .comment       0x0000000000000045       0x24 d:/progc/devkitpro/devkitarm/bin/../lib/gcc/arm-none-eabi/10.2.0/../../../../arm-none-eabi/lib/thumb\libg.a(lib_a-init.o)
 .comment       0x0000000000000045       0x24 d:/progc/devkitpro/devkitarm/bin/../lib/gcc/arm-none-eabi/10.2.0/../../../../arm-none-eabi/lib/thumb\libg.a(lib_a-memcpy-stub.o)
 .comment       0x0000000000000045       0x24 d:/progc/devkitpro/devkitarm/bin/../lib/gcc/arm-none-eabi/10.2.0/../../../../arm-none-eabi/lib/thumb\libg.a(lib_a-rand.o)
 .comment       0x0000000000000045       0x24 d:/progc/devkitpro/devkitarm/bin/../lib/gcc/arm-none-eabi/10.2.0/../../../../arm-none-eabi/lib/thumb\libg.a(lib_a-time.o)
 .comment       0x0000000000000045       0x24 d:/progc/devkitpro/devkitarm/bin/../lib/gcc/arm-none-eabi/10.2.0/../../../../arm-none-eabi/lib/thumb\libsysbase.a(gettod.o)
 .comment       0x0000000000000045       0x24 d:/progc/devkitpro/devkitarm/bin/../lib/gcc/arm-none-eabi/10.2.0/../../../../arm-none-eabi/lib/thumb\libsysbase.a(malloc_vars.o)
 .comment       0x0000000000000045       0x24 d:/progc/devkitpro/devkitarm/bin/../lib/gcc/arm-none-eabi/10.2.0/../../../../arm-none-eabi/lib/thumb\libsysbase.a(syscall_support.o)
 .comment       0x0000000000000045       0x24 d:/progc/devkitpro/devkitarm/bin/../lib/gcc/arm-none-eabi/10.2.0/../../../../arm-none-eabi/lib/thumb\libsysbase.a(getreent.o)
 .comment       0x0000000000000045       0x24 d:/progc/devkitpro/devkitarm/bin/../lib/gcc/arm-none-eabi/10.2.0/thumb\libgcc.a(_muldi3.o)
 .comment       0x0000000000000045       0x24 d:/progc/devkitpro/devkitarm/bin/../lib/gcc/arm-none-eabi/10.2.0/../../../../arm-none-eabi/lib/thumb\libg.a(lib_a-impure.o)
 .comment       0x0000000000000045       0x24 d:/progc/devkitpro/devkitarm/bin/../lib/gcc/arm-none-eabi/10.2.0/thumb/crtend.o

.debug
 *(.debug)

.line
 *(.line)

.debug_srcinfo
 *(.debug_srcinfo)

.debug_sfnames
 *(.debug_sfnames)

.debug_aranges  0x0000000000000000       0x90
 *(.debug_aranges)
 .debug_aranges
                0x0000000000000000       0x18 chardata.o
 .debug_aranges
                0x0000000000000018       0x18 chardata2.o
 .debug_aranges
                0x0000000000000030       0x20 template.o
 .debug_aranges
                0x0000000000000050       0x20 D:/PROGC/devkitPro/libgba/lib\libgba.a(interrupt.o)
 .debug_aranges
                0x0000000000000070       0x20 D:/PROGC/devkitPro/libgba/lib\libgba.a(InterruptDispatcher.o)

.debug_pubnames
 *(.debug_pubnames)

.debug_info     0x0000000000000000      0xb38
 *(.debug_info)
 .debug_info    0x0000000000000000       0x52 chardata.o
 .debug_info    0x0000000000000052       0x52 chardata2.o
 .debug_info    0x00000000000000a4      0x653 template.o
 .debug_info    0x00000000000006f7      0x41b D:/PROGC/devkitPro/libgba/lib\libgba.a(interrupt.o)
 .debug_info    0x0000000000000b12       0x26 D:/PROGC/devkitPro/libgba/lib\libgba.a(InterruptDispatcher.o)

.debug_abbrev   0x0000000000000000      0x49c
 *(.debug_abbrev)
 .debug_abbrev  0x0000000000000000       0x47 chardata.o
 .debug_abbrev  0x0000000000000047       0x47 chardata2.o
 .debug_abbrev  0x000000000000008e      0x20c template.o
 .debug_abbrev  0x000000000000029a      0x1ee D:/PROGC/devkitPro/libgba/lib\libgba.a(interrupt.o)
 .debug_abbrev  0x0000000000000488       0x14 D:/PROGC/devkitPro/libgba/lib\libgba.a(InterruptDispatcher.o)

.debug_line     0x0000000000000000     0x11d5
 *(.debug_line)
 .debug_line    0x0000000000000000       0x48 chardata.o
 .debug_line    0x0000000000000048       0x49 chardata2.o
 .debug_line    0x0000000000000091      0xae4 template.o
 .debug_line    0x0000000000000b75      0x5ae D:/PROGC/devkitPro/libgba/lib\libgba.a(interrupt.o)
 .debug_line    0x0000000000001123       0xb2 D:/PROGC/devkitPro/libgba/lib\libgba.a(InterruptDispatcher.o)

.debug_frame    0x0000000000000000       0xec
 *(.debug_frame)
 .debug_frame   0x0000000000000000       0x3c template.o
 .debug_frame   0x000000000000003c       0xb0 D:/PROGC/devkitPro/libgba/lib\libgba.a(interrupt.o)

.debug_str      0x0000000000000000      0x5f2
 *(.debug_str)
 .debug_str     0x0000000000000000       0xcb chardata.o
                                         0xd8 (size before relaxing)
 .debug_str     0x00000000000000cb       0x33 chardata2.o
                                         0xda (size before relaxing)
 .debug_str     0x00000000000000fe      0x2c8 template.o
                                        0x3ba (size before relaxing)
 .debug_str     0x00000000000003c6      0x1cc D:/PROGC/devkitPro/libgba/lib\libgba.a(interrupt.o)
                                        0x310 (size before relaxing)
 .debug_str     0x0000000000000592       0x60 D:/PROGC/devkitPro/libgba/lib\libgba.a(InterruptDispatcher.o)
                                         0xa0 (size before relaxing)

.debug_loc      0x0000000000000000      0xd22
 *(.debug_loc)
 .debug_loc     0x0000000000000000      0x8dc template.o
 .debug_loc     0x00000000000008dc      0x446 D:/PROGC/devkitPro/libgba/lib\libgba.a(interrupt.o)

.debug_macinfo
 *(.debug_macinfo)

.debug_weaknames
 *(.debug_weaknames)

.debug_funcnames
 *(.debug_funcnames)

.debug_typenames
 *(.debug_typenames)

.debug_varnames
 *(.debug_varnames)

.stack          0x0000000000080000        0x0
                0x0000000000080000                _stack = .
 *(.stack)

.note.gnu.arm.ident
 *(.note.gnu.arm.ident)

.ARM.attributes
                0x0000000000000000       0x2c
 *(.ARM.attributes)
 .ARM.attributes
                0x0000000000000000       0x20 d:/progc/devkitpro/devkitarm/bin/../lib/gcc/arm-none-eabi/10.2.0/../../../../arm-none-eabi/lib/thumb/gba_crt0.o
 .ARM.attributes
                0x0000000000000020       0x1c d:/progc/devkitpro/devkitarm/bin/../lib/gcc/arm-none-eabi/10.2.0/thumb/crti.o
 .ARM.attributes
                0x000000000000003c       0x2a d:/progc/devkitpro/devkitarm/bin/../lib/gcc/arm-none-eabi/10.2.0/thumb/crtbegin.o
 .ARM.attributes
                0x0000000000000066       0x2c chardata.o
 .ARM.attributes
                0x0000000000000092       0x2c chardata2.o
 .ARM.attributes
                0x00000000000000be       0x26 template.o
 .ARM.attributes
                0x00000000000000e4       0x1a myasym.o
 .ARM.attributes
                0x00000000000000fe       0x2a D:/PROGC/devkitPro/libgba/lib\libgba.a(interrupt.o)
 .ARM.attributes
                0x0000000000000128       0x1a D:/PROGC/devkitPro/libgba/lib\libgba.a(InterruptDispatcher.o)
 .ARM.attributes
                0x0000000000000142       0x1c d:/progc/devkitpro/devkitarm/bin/../lib/gcc/arm-none-eabi/10.2.0/thumb\libgcc.a(_divsi3.o)
 .ARM.attributes
                0x000000000000015e       0x1c d:/progc/devkitpro/devkitarm/bin/../lib/gcc/arm-none-eabi/10.2.0/thumb\libgcc.a(_dvmd_tls.o)
 .ARM.attributes
                0x000000000000017a       0x2a d:/progc/devkitpro/devkitarm/bin/../lib/gcc/arm-none-eabi/10.2.0/../../../../arm-none-eabi/lib/thumb\libg.a(lib_a-init.o)
 .ARM.attributes
                0x00000000000001a4       0x2a d:/progc/devkitpro/devkitarm/bin/../lib/gcc/arm-none-eabi/10.2.0/../../../../arm-none-eabi/lib/thumb\libg.a(lib_a-memcpy-stub.o)
 .ARM.attributes
                0x00000000000001ce       0x2a d:/progc/devkitpro/devkitarm/bin/../lib/gcc/arm-none-eabi/10.2.0/../../../../arm-none-eabi/lib/thumb\libg.a(lib_a-rand.o)
 .ARM.attributes
                0x00000000000001f8       0x2a d:/progc/devkitpro/devkitarm/bin/../lib/gcc/arm-none-eabi/10.2.0/../../../../arm-none-eabi/lib/thumb\libg.a(lib_a-time.o)
 .ARM.attributes
                0x0000000000000222       0x2a d:/progc/devkitpro/devkitarm/bin/../lib/gcc/arm-none-eabi/10.2.0/../../../../arm-none-eabi/lib/thumb\libsysbase.a(gettod.o)
 .ARM.attributes
                0x000000000000024c       0x30 d:/progc/devkitpro/devkitarm/bin/../lib/gcc/arm-none-eabi/10.2.0/../../../../arm-none-eabi/lib/thumb\libsysbase.a(malloc_vars.o)
 .ARM.attributes
                0x000000000000027c       0x2a d:/progc/devkitpro/devkitarm/bin/../lib/gcc/arm-none-eabi/10.2.0/../../../../arm-none-eabi/lib/thumb\libsysbase.a(syscall_support.o)
 .ARM.attributes
                0x00000000000002a6       0x2a d:/progc/devkitpro/devkitarm/bin/../lib/gcc/arm-none-eabi/10.2.0/../../../../arm-none-eabi/lib/thumb\libsysbase.a(getreent.o)
 .ARM.attributes
                0x00000000000002d0       0x2a d:/progc/devkitpro/devkitarm/bin/../lib/gcc/arm-none-eabi/10.2.0/thumb\libgcc.a(_muldi3.o)
 .ARM.attributes
                0x00000000000002fa       0x30 d:/progc/devkitpro/devkitarm/bin/../lib/gcc/arm-none-eabi/10.2.0/../../../../arm-none-eabi/lib/thumb\libg.a(lib_a-impure.o)
 .ARM.attributes
                0x000000000000032a       0x30 d:/progc/devkitpro/devkitarm/bin/../lib/gcc/arm-none-eabi/10.2.0/thumb/crtend.o
 .ARM.attributes
                0x000000000000035a       0x1c d:/progc/devkitpro/devkitarm/bin/../lib/gcc/arm-none-eabi/10.2.0/thumb/crtn.o

/DISCARD/
 *(.note.GNU-stack)
LOAD d:/progc/devkitpro/devkitarm/bin/../lib/gcc/arm-none-eabi/10.2.0/../../../../arm-none-eabi/lib/thumb/gba_crt0.o
LOAD d:/progc/devkitpro/devkitarm/bin/../lib/gcc/arm-none-eabi/10.2.0/thumb/crti.o
LOAD d:/progc/devkitpro/devkitarm/bin/../lib/gcc/arm-none-eabi/10.2.0/thumb/crtbegin.o
LOAD chardata.o
LOAD chardata2.o
LOAD template.o
LOAD myasym.o
LOAD D:/PROGC/devkitPro/libgba/lib\libgba.a
START GROUP
LOAD d:/progc/devkitpro/devkitarm/bin/../lib/gcc/arm-none-eabi/10.2.0/thumb\libgcc.a
LOAD d:/progc/devkitpro/devkitarm/bin/../lib/gcc/arm-none-eabi/10.2.0/../../../../arm-none-eabi/lib/thumb\libg.a
LOAD d:/progc/devkitpro/devkitarm/bin/../lib/gcc/arm-none-eabi/10.2.0/../../../../arm-none-eabi/lib/thumb\libc.a
LOAD d:/progc/devkitpro/devkitarm/bin/../lib/gcc/arm-none-eabi/10.2.0/../../../../arm-none-eabi/lib/thumb\libsysbase.a
END GROUP
LOAD d:/progc/devkitpro/devkitarm/bin/../lib/gcc/arm-none-eabi/10.2.0/thumb/crtend.o
LOAD d:/progc/devkitpro/devkitarm/bin/../lib/gcc/arm-none-eabi/10.2.0/thumb/crtn.o
OUTPUT(D:/PROGC/gba_template/gba_template.elf elf32-littlearm)
LOAD linker stubs

.debug_ranges   0x0000000000000000      0x140
 .debug_ranges  0x0000000000000000       0xd0 template.o
 .debug_ranges  0x00000000000000d0       0x70 D:/PROGC/devkitPro/libgba/lib\libgba.a(interrupt.o)
